exports[`test MarkdownText renders text 1`] = `
<div
  dangerouslySetInnerHTML={
    Object {
      "__html": "<h1 id=\"headline\">headline</h1>
    ",
    }
  }
  style={
    Object {
      "color": "black",
    }
  } />
`;
